// Jest Snapshot v1, https://goo.gl/fbAQLP

exports[`Test de GifSearchApp snapshot GifSearch 1`] = `
<Fragment>
  <div
    className="container-white"
  >
    <h2
      className="titulo"
    >
      Gif search App
    </h2>
    <AddCategory
      setCategories={[Function]}
    />
  </div>
  <hr />
  <ul />
</Fragment>
`;
