// Jest Snapshot v1, https://goo.gl/fbAQLP

exports[`Add category testing Debe mostrar el snapshot 1`] = `
<form
  className="search"
  onSubmit={[Function]}
>
  <input
    onChange={[Function]}
    type="text"
    value=""
  />
</form>
`;
