// Jest Snapshot v1, https://goo.gl/fbAQLP

exports[`Test de GifGrid Comprobar el snapshot 1`] = `
<Fragment>
  <h3
    className="animate__animated animate__fadeInUp texto"
  >
    Naruto
  </h3>
  <div
    className="card-grid "
  />
</Fragment>
`;
